<testsuites id="" name="" tests="0" failures="0" skipped="0" errors="0" time="0.11591699999999992">
</testsuites>